// Jest Snapshot v1, https://goo.gl/fbAQLP

exports[`Quiz Should match the snapshot 1`] = `
<div>
  <h2
    className="quiz-title"
  >
    Choose a rule!
  </h2>
  <img
    className="quiz-image"
    src="https://i.imgur.com/6F1XUXC.png"
  />
</div>
`;
