// Jest Snapshot v1, https://goo.gl/fbAQLP

exports[`WrongItem Should match the snapshot 1`] = `
<div
  key="Some Image"
>
  <h2>
    Bob
  </h2>
  <p>
    This is the correct way to perform question :
    1
  </p>
  <img
    src="Some Image"
  />
</div>
`;
